[    0.000000] Linux version 4.15.0-72-generic (buildd@lcy01-amd64-026) (gcc version 7.4.0 (Ubuntu 7.4.0-1ubuntu1~18.04.1)) #81-Ubuntu SMP Tue Nov 26 12:20:02 UTC 2019 (Ubuntu 4.15.0-72.81-generic 4.15.18)
[    0.000000] Command line: BOOT_IMAGE=/boot/vmlinuz-4.15.0-72-generic root=LABEL=cloudimg-rootfs ro console=tty1 console=ttyS0
[    0.000000] KERNEL supported cpus:
[    0.000000]   Intel GenuineIntel
[    0.000000]   AMD AuthenticAMD
[    0.000000]   Centaur CentaurHauls
[    0.000000] x86/fpu: Supporting XSAVE feature 0x001: 'x87 floating point registers'
[    0.000000] x86/fpu: Supporting XSAVE feature 0x002: 'SSE registers'
[    0.000000] x86/fpu: Supporting XSAVE feature 0x004: 'AVX registers'
[    0.000000] x86/fpu: xstate_offset[2]:  576, xstate_sizes[2]:  256
[    0.000000] x86/fpu: Enabled xstate features 0x7, context size is 832 bytes, using 'standard' format.
[    0.000000] e820: BIOS-provided physical RAM map:
[    0.000000] BIOS-e820: [mem 0x0000000000000000-0x000000000009fbff] usable
[    0.000000] BIOS-e820: [mem 0x000000000009fc00-0x000000000009ffff] reserved
[    0.000000] BIOS-e820: [mem 0x00000000000f0000-0x00000000000fffff] reserved
[    0.000000] BIOS-e820: [mem 0x0000000000100000-0x000000003ffeffff] usable
[    0.000000] BIOS-e820: [mem 0x000000003fff0000-0x000000003fffffff] ACPI data
[    0.000000] BIOS-e820: [mem 0x00000000fec00000-0x00000000fec00fff] reserved
[    0.000000] BIOS-e820: [mem 0x00000000fee00000-0x00000000fee00fff] reserved
[    0.000000] BIOS-e820: [mem 0x00000000fffc0000-0x00000000ffffffff] reserved
[    0.000000] NX (Execute Disable) protection: active
[    0.000000] SMBIOS 2.5 present.
[    0.000000] DMI: innotek GmbH VirtualBox/VirtualBox, BIOS VirtualBox 12/01/2006
[    0.000000] Hypervisor detected: KVM
[    0.000000] e820: last_pfn = 0x3fff0 max_arch_pfn = 0x400000000
[    0.000000] MTRR: Disabled
[    0.000000] x86/PAT: MTRRs disabled, skipping PAT initialization too.
[    0.000000] CPU MTRRs all blank - virtualized system.
[    0.000000] x86/PAT: Configuration [0-7]: WB  WT  UC- UC  WB  WT  UC- UC  
[    0.000000] found SMP MP-table at [mem 0x0009fff0-0x0009ffff]
[    0.000000] Scanning 1 areas for low memory corruption
[    0.000000] RAMDISK: [mem 0x35a6d000-0x36d2dfff]
[    0.000000] ACPI: Early table checksum verification disabled
[    0.000000] ACPI: RSDP 0x00000000000E0000 000024 (v02 VBOX  )
[    0.000000] ACPI: XSDT 0x000000003FFF0030 00003C (v01 VBOX   VBOXXSDT 00000001 ASL  00000061)
[    0.000000] ACPI: FACP 0x000000003FFF00F0 0000F4 (v04 VBOX   VBOXFACP 00000001 ASL  00000061)
[    0.000000] ACPI: DSDT 0x000000003FFF0470 002325 (v02 VBOX   VBOXBIOS 00000002 INTL 20100528)
[    0.000000] ACPI: FACS 0x000000003FFF0200 000040
[    0.000000] ACPI: FACS 0x000000003FFF0200 000040
[    0.000000] ACPI: APIC 0x000000003FFF0240 00005C (v02 VBOX   VBOXAPIC 00000001 ASL  00000061)
[    0.000000] ACPI: SSDT 0x000000003FFF02A0 0001CC (v01 VBOX   VBOXCPUT 00000002 INTL 20100528)
[    0.000000] No NUMA configuration found
[    0.000000] Faking a node at [mem 0x0000000000000000-0x000000003ffeffff]
[    0.000000] NODE_DATA(0) allocated [mem 0x3ffc5000-0x3ffeffff]
[    0.000000] kvm-clock: cpu 0, msr 0:3ff44001, primary cpu clock
[    0.000000] kvm-clock: Using msrs 4b564d01 and 4b564d00
[    0.000000] kvm-clock: using sched offset of 5808955961 cycles
[    0.000000] clocksource: kvm-clock: mask: 0xffffffffffffffff max_cycles: 0x1cd42e4dffb, max_idle_ns: 881590591483 ns
[    0.000000] Zone ranges:
[    0.000000]   DMA      [mem 0x0000000000001000-0x0000000000ffffff]
[    0.000000]   DMA32    [mem 0x0000000001000000-0x000000003ffeffff]
[    0.000000]   Normal   empty
[    0.000000]   Device   empty
[    0.000000] Movable zone start for each node
[    0.000000] Early memory node ranges
[    0.000000]   node   0: [mem 0x0000000000001000-0x000000000009efff]
[    0.000000]   node   0: [mem 0x0000000000100000-0x000000003ffeffff]
[    0.000000] Reserved but unavailable: 98 pages
[    0.000000] Initmem setup node 0 [mem 0x0000000000001000-0x000000003ffeffff]
[    0.000000] ACPI: PM-Timer IO Port: 0x4008
[    0.000000] IOAPIC[0]: apic_id 2, version 32, address 0xfec00000, GSI 0-23
[    0.000000] ACPI: INT_SRC_OVR (bus 0 bus_irq 0 global_irq 2 dfl dfl)
[    0.000000] ACPI: INT_SRC_OVR (bus 0 bus_irq 9 global_irq 9 low level)
[    0.000000] Using ACPI (MADT) for SMP configuration information
[    0.000000] smpboot: Allowing 2 CPUs, 0 hotplug CPUs
[    0.000000] PM: Registered nosave memory: [mem 0x00000000-0x00000fff]
[    0.000000] PM: Registered nosave memory: [mem 0x0009f000-0x0009ffff]
[    0.000000] PM: Registered nosave memory: [mem 0x000a0000-0x000effff]
[    0.000000] PM: Registered nosave memory: [mem 0x000f0000-0x000fffff]
[    0.000000] e820: [mem 0x40000000-0xfebfffff] available for PCI devices
[    0.000000] Booting paravirtualized kernel on KVM
[    0.000000] clocksource: refined-jiffies: mask: 0xffffffff max_cycles: 0xffffffff, max_idle_ns: 7645519600211568 ns
[    0.000000] random: get_random_bytes called from start_kernel+0x99/0x4fd with crng_init=0
[    0.000000] setup_percpu: NR_CPUS:8192 nr_cpumask_bits:2 nr_cpu_ids:2 nr_node_ids:1
[    0.000000] percpu: Embedded 45 pages/cpu s147456 r8192 d28672 u1048576
[    0.000000] PV qspinlock hash table entries: 256 (order: 0, 4096 bytes)
[    0.000000] Built 1 zonelists, mobility grouping on.  Total pages: 257913
[    0.000000] Policy zone: DMA32
[    0.000000] Kernel command line: BOOT_IMAGE=/boot/vmlinuz-4.15.0-72-generic root=LABEL=cloudimg-rootfs ro console=tty1 console=ttyS0
[    0.000000] Memory: 983392K/1048120K available (12300K kernel code, 2481K rwdata, 4264K rodata, 2428K init, 2388K bss, 64728K reserved, 0K cma-reserved)
[    0.000000] SLUB: HWalign=64, Order=0-3, MinObjects=0, CPUs=2, Nodes=1
[    0.000000] Kernel/User page tables isolation: enabled
[    0.000000] ftrace: allocating 39318 entries in 154 pages
[    0.004000] Hierarchical RCU implementation.
[    0.004000] 	RCU restricting CPUs from NR_CPUS=8192 to nr_cpu_ids=2.
[    0.004000] 	Tasks RCU enabled.
[    0.004000] RCU: Adjusting geometry for rcu_fanout_leaf=16, nr_cpu_ids=2
[    0.004000] NR_IRQS: 524544, nr_irqs: 440, preallocated irqs: 16
[    0.004000] Console: colour VGA+ 80x25
[    0.004000] console [tty1] enabled
[    0.004000] console [ttyS0] enabled
[    0.004000] ACPI: Core revision 20170831
[    0.004000] ACPI: 2 ACPI AML tables successfully acquired and loaded
[    0.004000] APIC: Switch to symmetric I/O mode setup
[    0.004000] x2apic enabled
[    0.004000] Switched APIC routing to physical x2apic.
[    0.004000] ..TIMER: vector=0x30 apic1=0 pin1=2 apic2=-1 pin2=-1
[    0.004005] tsc: Detected 1799.999 MHz processor
[    0.004976] Calibrating delay loop (skipped) preset value.. 3599.99 BogoMIPS (lpj=7199996)
[    0.008003] pid_max: default: 32768 minimum: 301
[    0.009193] Security Framework initialized
[    0.010204] Yama: becoming mindful.
[    0.012025] AppArmor: AppArmor initialized
[    0.016000] Dentry cache hash table entries: 131072 (order: 8, 1048576 bytes)
[    0.016099] Inode-cache hash table entries: 65536 (order: 7, 524288 bytes)
[    0.017751] Mount-cache hash table entries: 2048 (order: 2, 16384 bytes)
[    0.020007] Mountpoint-cache hash table entries: 2048 (order: 2, 16384 bytes)
[    0.021836] Last level iTLB entries: 4KB 64, 2MB 8, 4MB 8
[    0.022936] Last level dTLB entries: 4KB 64, 2MB 0, 4MB 0, 1GB 4
[    0.024003] Spectre V1 : Mitigation: usercopy/swapgs barriers and __user pointer sanitization
[    0.025744] Spectre V2 : Mitigation: Full generic retpoline
[    0.026863] Spectre V2 : Spectre v2 / SpectreRSB mitigation: Filling RSB on context switch
[    0.028002] Speculative Store Bypass: Vulnerable
[    0.029172] MDS: Mitigation: Clear CPU buffers
[    0.032224] Freeing SMP alternatives memory: 36K
[    0.143350] smpboot: CPU0: Intel(R) Core(TM) i5-8250U CPU @ 1.60GHz (family: 0x6, model: 0x8e, stepping: 0xa)
[    0.144000] Performance Events: unsupported p6 CPU model 142 no PMU driver, software events only.
[    0.144000] Hierarchical SRCU implementation.
[    0.144598] NMI watchdog: Perf event create on CPU 0 failed with -2
[    0.145938] NMI watchdog: Perf NMI watchdog permanently disabled
[    0.148048] smp: Bringing up secondary CPUs ...
[    0.149236] x86: Booting SMP configuration:
[    0.150336] .... node  #0, CPUs:      #1
[    0.004000] kvm-clock: cpu 1, msr 0:3ff44041, secondary cpu clock
[    0.154428] smp: Brought up 1 node, 2 CPUs
[    0.154428] smpboot: Max logical packages: 1
[    0.156007] smpboot: Total of 2 processors activated (7199.99 BogoMIPS)
[    0.157617] devtmpfs: initialized
[    0.160061] x86/mm: Memory block size: 128MB
[    0.161253] evm: security.selinux
[    0.162077] evm: security.SMACK64
[    0.163030] evm: security.SMACK64EXEC
[    0.164003] evm: security.SMACK64TRANSMUTE
[    0.164975] evm: security.SMACK64MMAP
[    0.165783] evm: security.apparmor
[    0.166692] evm: security.ima
[    0.167384] evm: security.capability
[    0.168104] clocksource: jiffies: mask: 0xffffffff max_cycles: 0xffffffff, max_idle_ns: 7645041785100000 ns
[    0.170204] futex hash table entries: 512 (order: 3, 32768 bytes)
[    0.175192] pinctrl core: initialized pinctrl subsystem
[    0.176121] RTC time:  6:33:16, date: 01/17/20
[    0.177347] NET: Registered protocol family 16
[    0.178544] audit: initializing netlink subsys (disabled)
[    0.180041] audit: type=2000 audit(1579242803.860:1): state=initialized audit_enabled=0 res=1
[    0.181900] cpuidle: using governor ladder
[    0.184012] cpuidle: using governor menu
[    0.184963] ACPI: bus type PCI registered
[    0.185917] acpiphp: ACPI Hot Plug PCI Controller Driver version: 0.5
[    0.187421] PCI: Using configuration type 1 for base access
[    0.189139] HugeTLB registered 2.00 MiB page size, pre-allocated 0 pages
[    0.192097] ACPI: Added _OSI(Module Device)
[    0.193083] ACPI: Added _OSI(Processor Device)
[    0.194121] ACPI: Added _OSI(3.0 _SCP Extensions)
[    0.195289] ACPI: Added _OSI(Processor Aggregator Device)
[    0.196016] ACPI: Added _OSI(Linux-Dell-Video)
[    0.197050] ACPI: Added _OSI(Linux-Lenovo-NV-HDMI-Audio)
[    0.198405] ACPI: Added _OSI(Linux-HPI-Hybrid-Graphics)
[    0.200365] ACPI: Executed 1 blocks of module-level executable AML code
[    0.206980] ACPI: Interpreter enabled
[    0.207884] ACPI: (supports S0 S5)
[    0.208003] ACPI: Using IOAPIC for interrupt routing
[    0.209445] PCI: Using host bridge windows from ACPI; if necessary, use "pci=nocrs" and report a bug
[    0.212204] ACPI: Enabled 2 GPEs in block 00 to 07
[    0.222677] ACPI: PCI Root Bridge [PCI0] (domain 0000 [bus 00-ff])
[    0.224000] acpi PNP0A03:00: _OSC: OS supports [ASPM ClockPM Segments MSI]
[    0.224637] acpi PNP0A03:00: _OSC: not requesting OS control; OS requires [ExtendedConfig ASPM ClockPM MSI]
[    0.228015] acpi PNP0A03:00: fail to add MMCONFIG information, can't access extended PCI configuration space under this bridge.
[    0.232139] PCI host bridge to bus 0000:00
[    0.233162] pci_bus 0000:00: root bus resource [io  0x0000-0x0cf7 window]
[    0.234785] pci_bus 0000:00: root bus resource [io  0x0d00-0xffff window]
[    0.236000] pci_bus 0000:00: root bus resource [mem 0x000a0000-0x000bffff window]
[    0.236004] pci_bus 0000:00: root bus resource [mem 0x40000000-0xfdffffff window]
[    0.237942] pci_bus 0000:00: root bus resource [bus 00-ff]
[    0.242368] pci 0000:00:01.1: legacy IDE quirk: reg 0x10: [io  0x01f0-0x01f7]
[    0.244003] pci 0000:00:01.1: legacy IDE quirk: reg 0x14: [io  0x03f6]
[    0.245499] pci 0000:00:01.1: legacy IDE quirk: reg 0x18: [io  0x0170-0x0177]
[    0.247108] pci 0000:00:01.1: legacy IDE quirk: reg 0x1c: [io  0x0376]
[    0.267791] pci 0000:00:07.0: quirk: [io  0x4000-0x403f] claimed by PIIX4 ACPI
[    0.268016] pci 0000:00:07.0: quirk: [io  0x4100-0x410f] claimed by PIIX4 SMB
[    0.277779] ACPI: PCI Interrupt Link [LNKA] (IRQs 5 9 10 *11)
[    0.279535] ACPI: PCI Interrupt Link [LNKB] (IRQs 5 9 *10 11)
[    0.280146] ACPI: PCI Interrupt Link [LNKC] (IRQs 5 *9 10 11)
[    0.281970] ACPI: PCI Interrupt Link [LNKD] (IRQs 5 9 10 *11)
[    0.284402] SCSI subsystem initialized
[    0.285438] pci 0000:00:02.0: vgaarb: setting as boot VGA device
[    0.285449] pci 0000:00:02.0: vgaarb: VGA device added: decodes=io+mem,owns=io+mem,locks=none
[    0.288010] pci 0000:00:02.0: vgaarb: bridge control possible
[    0.289417] vgaarb: loaded
[    0.290171] ACPI: bus type USB registered
[    0.292026] usbcore: registered new interface driver usbfs
[    0.293453] usbcore: registered new interface driver hub
[    0.294879] usbcore: registered new device driver usb
[    0.296063] EDAC MC: Ver: 3.0.0
[    0.297097] PCI: Using ACPI for IRQ routing
[    0.297355] NetLabel: Initializing
[    0.300002] NetLabel:  domain hash size = 128
[    0.301072] NetLabel:  protocols = UNLABELED CIPSOv4 CALIPSO
[    0.302380] NetLabel:  unlabeled traffic allowed by default
[    0.304099] clocksource: Switched to clocksource kvm-clock
[    0.325432] VFS: Disk quotas dquot_6.6.0
[    0.326491] VFS: Dquot-cache hash table entries: 512 (order 0, 4096 bytes)
[    0.328177] AppArmor: AppArmor Filesystem Enabled
[    0.329344] pnp: PnP ACPI init
[    0.331436] pnp: PnP ACPI: found 3 devices
[    0.343668] clocksource: acpi_pm: mask: 0xffffff max_cycles: 0xffffff, max_idle_ns: 2085701024 ns
[    0.345887] NET: Registered protocol family 2
[    0.347051] TCP established hash table entries: 8192 (order: 4, 65536 bytes)
[    0.348457] TCP bind hash table entries: 8192 (order: 5, 131072 bytes)
[    0.352874] TCP: Hash tables configured (established 8192 bind 8192)
[    0.354510] UDP hash table entries: 512 (order: 2, 16384 bytes)
[    0.355699] UDP-Lite hash table entries: 512 (order: 2, 16384 bytes)
[    0.357037] NET: Registered protocol family 1
[    0.357952] pci 0000:00:00.0: Limiting direct PCI/PCI transfers
[    0.359165] pci 0000:00:01.0: Activating ISA DMA hang workarounds
[    0.360506] pci 0000:00:02.0: Video device with shadowed ROM at [mem 0x000c0000-0x000dffff]
[    0.362420] Unpacking initramfs...
[    0.720555] Freeing initrd memory: 19204K
[    0.721713] clocksource: tsc: mask: 0xffffffffffffffff max_cycles: 0x19f228ab7a2, max_idle_ns: 440795289252 ns
[    0.723940] platform rtc_cmos: registered platform RTC device (no PNP device found)
[    0.725763] Scanning for low memory corruption every 60 seconds
[    0.727946] Initialise system trusted keyrings
[    0.729072] Key type blacklist registered
[    0.730173] workingset: timestamp_bits=36 max_order=18 bucket_order=0
[    0.732830] zbud: loaded
[    0.734243] squashfs: version 4.0 (2009/01/31) Phillip Lougher
[    0.736093] fuse init (API version 7.26)
[    0.741620] Key type asymmetric registered
[    0.742530] Asymmetric key parser 'x509' registered
[    0.743579] Block layer SCSI generic (bsg) driver version 0.4 loaded (major 246)
[    0.745233] io scheduler noop registered
[    0.746127] io scheduler deadline registered
[    0.747069] io scheduler cfq registered (default)
[    0.748382] ACPI: AC Adapter [AC] (on-line)
[    0.749611] input: Power Button as /devices/LNXSYSTM:00/LNXPWRBN:00/input/input0
[    0.751371] ACPI: Power Button [PWRF]
[    0.752321] input: Sleep Button as /devices/LNXSYSTM:00/LNXSLPBN:00/input/input1
[    0.753902] ACPI: Sleep Button [SLPF]
[    0.756141] ACPI: Battery Slot [BAT0] (battery present)
[    0.756211] Serial: 8250/16550 driver, 32 ports, IRQ sharing enabled
[    0.779485] 00:02: ttyS0 at I/O 0x3f8 (irq = 4, base_baud = 115200) is a 16550A
[    0.782970] Linux agpgart interface v0.103
[    0.785191] loop: module loaded
[    0.786800] scsi host0: ata_piix
[    0.788084] scsi host1: ata_piix
[    0.789093] ata1: PATA max UDMA/33 cmd 0x1f0 ctl 0x3f6 bmdma 0xd000 irq 14
[    0.790649] ata2: PATA max UDMA/33 cmd 0x170 ctl 0x376 bmdma 0xd008 irq 15
[    0.792513] libphy: Fixed MDIO Bus: probed
[    0.793467] tun: Universal TUN/TAP device driver, 1.6
[    0.794690] PPP generic driver version 2.4.2
[    0.795818] ehci_hcd: USB 2.0 'Enhanced' Host Controller (EHCI) Driver
[    0.797413] ehci-pci: EHCI PCI platform driver
[    0.798547] ehci-platform: EHCI generic platform driver
[    0.799695] ohci_hcd: USB 1.1 'Open' Host Controller (OHCI) Driver
[    0.801109] ohci-pci: OHCI PCI platform driver
[    0.802207] ohci-platform: OHCI generic platform driver
[    0.803449] uhci_hcd: USB Universal Host Controller Interface driver
[    0.805038] i8042: PNP: PS/2 Controller [PNP0303:PS2K,PNP0f03:PS2M] at 0x60,0x64 irq 1,12
[    0.807562] serio: i8042 KBD port at 0x60,0x64 irq 1
[    0.808756] serio: i8042 AUX port at 0x60,0x64 irq 12
[    0.810024] mousedev: PS/2 mouse device common for all mice
[    0.811870] input: AT Translated Set 2 keyboard as /devices/platform/i8042/serio0/input/input2
[    0.814296] rtc_cmos rtc_cmos: rtc core: registered rtc_cmos as rtc0
[    0.815808] rtc_cmos rtc_cmos: alarms up to one day, 114 bytes nvram
[    0.817305] i2c /dev entries driver
[    0.818277] device-mapper: uevent: version 1.0.3
[    0.819434] device-mapper: ioctl: 4.37.0-ioctl (2017-09-20) initialised: dm-devel@redhat.com
[    0.821701] ledtrig-cpu: registered to indicate activity on CPUs
[    0.823570] NET: Registered protocol family 10
[    0.828931] Segment Routing with IPv6
[    0.829868] NET: Registered protocol family 17
[    0.831015] Key type dns_resolver registered
[    0.832273] mce: Using 0 MCE banks
[    0.833136] RAS: Correctable Errors collector initialized.
[    0.834410] sched_clock: Marking stable (832201636, 0)->(1034111476, -201909840)
[    0.836598] registered taskstats version 1
[    0.837753] Loading compiled-in X.509 certificates
[    0.841552] Loaded X.509 cert 'Build time autogenerated kernel key: f4f7241365689b0cbe3898188e65e316fd8f978d'
[    0.843764] zswap: loaded using pool lzo/zbud
[    0.848555] Key type big_key registered
[    0.849515] Key type trusted registered
[    0.852318] Key type encrypted registered
[    0.853303] AppArmor: AppArmor sha1 policy hashing enabled
[    0.854720] ima: No TPM chip found, activating TPM-bypass! (rc=-19)
[    0.856440] ima: Allocated hash algorithm: sha1
[    0.857526] evm: HMAC attrs: 0x1
[    0.858589]   Magic number: 4:908:569
[    0.859538]   hash matches /build/linux-E6MDAa/linux-4.15.0/drivers/base/power/main.c:1209
[    0.861637] rtc_cmos rtc_cmos: setting system clock to 2020-01-17 06:33:16 UTC (1579242796)
[    0.863695] BIOS EDD facility v0.16 2004-Jun-25, 0 devices found
[    0.865116] EDD information not available.
[    1.001154] Freeing unused kernel image memory: 2428K
[    1.012286] Write protecting the kernel read-only data: 20480k
[    1.014346] Freeing unused kernel image memory: 2008K
[    1.015946] Freeing unused kernel image memory: 1880K
[    1.025845] x86/mm: Checked W+X mappings: passed, no W+X pages found.
[    1.027271] x86/mm: Checking user space page tables
[    1.036563] x86/mm: Checked W+X mappings: passed, no W+X pages found.
Loading, please wait...
starting version 237
[    1.112035] e1000: Intel(R) PRO/1000 Network Driver - version 7.3.21-k8-NAPI
[    1.113645] e1000: Copyright (c) 1999-2006 Intel Corporation.
[    1.117789] Fusion MPT base driver 3.04.20
[    1.118704] Copyright (c) 1999-2008 LSI Corporation
[    1.130055] AVX2 version of gcm_enc/dec engaged.
[    1.131177] AES CTR mode by8 optimization enabled
[    1.142277] Fusion MPT SPI Host driver 3.04.20
[    1.145808] mptbase: ioc0: Initiating bringup
[    1.944977] input: ImExPS/2 Generic Explorer Mouse as /devices/platform/i8042/serio1/input/input4
[    1.969011] ioc0: LSI53C1030 A0: Capabilities={Initiator}
[    2.212817] scsi host2: ioc0: LSI53C1030 A0, FwRev=00000000h, Ports=1, MaxQ=256, IRQ=20
[    2.503169] scsi 2:0:0:0: Direct-Access     VBOX     HARDDISK         1.0  PQ: 0 ANSI: 5
[    2.536723] scsi target2:0:0: Beginning Domain Validation
[    2.539826] scsi target2:0:0: Domain Validation skipping write tests
[    2.541267] scsi target2:0:0: Ending Domain Validation
[    2.542693] scsi target2:0:0: asynchronous
[    2.544077] scsi 2:0:1:0: Direct-Access     VBOX     HARDDISK         1.0  PQ: 0 ANSI: 5
[    2.852023] scsi target2:0:1: Beginning Domain Validation
[    2.855562] random: fast init done
[    2.856585] scsi target2:0:1: Domain Validation skipping write tests
[    2.858075] scsi target2:0:1: Ending Domain Validation
[    2.859120] scsi target2:0:1: asynchronous
[    2.864590] random: systemd-udevd: uninitialized urandom read (16 bytes read)
[    2.864704] sd 2:0:0:0: Attached scsi generic sg0 type 0
[    2.866023] random: systemd-udevd: uninitialized urandom read (16 bytes read)
[    2.867101] sd 2:0:1:0: Attached scsi generic sg1 type 0
[    2.868505] sd 2:0:0:0: [sda] 20971520 512-byte logical blocks: (10.7 GB/10.0 GiB)
[    2.871201] sd 2:0:1:0: [sdb] 20480 512-byte logical blocks: (10.5 MB/10.0 MiB)
[    2.872824] sd 2:0:0:0: [sda] Write Protect is off
[    2.873881] sd 2:0:1:0: [sdb] Write Protect is off
[    2.874944] random: systemd-udevd: uninitialized urandom read (16 bytes read)
[    2.876513] sd 2:0:1:0: [sdb] Incomplete mode parameter data
[    2.877718] sd 2:0:1:0: [sdb] Assuming drive cache: write through
[    2.878995] sd 2:0:0:0: [sda] Incomplete mode parameter data
[    2.880163] sd 2:0:0:0: [sda] Assuming drive cache: write through
[    2.910359] e1000 0000:00:03.0 eth0: (PCI:33MHz:32-bit) 02:b7:1f:33:e9:24
[    2.911800] e1000 0000:00:03.0 eth0: Intel(R) PRO/1000 Network Connection
[    2.915448] e1000 0000:00:03.0 enp0s3: renamed from eth0
[    3.053919]  sda: sda1
[    3.056107] sd 2:0:0:0: [sda] Attached SCSI disk
[    3.057658] sd 2:0:1:0: [sdb] Attached SCSI disk
Begin: Loading essential drivers ... [    4.708298] raid6: sse2x1   gen() 11575 MB/s
[    4.756075] raid6: sse2x1   xor()  7152 MB/s
[    4.804458] raid6: sse2x2   gen() 11346 MB/s
[    4.852300] raid6: sse2x2   xor()  9024 MB/s
[    4.900107] raid6: sse2x4   gen() 15530 MB/s
[    4.948017] raid6: sse2x4   xor()  9604 MB/s
[    4.996260] raid6: avx2x1   gen() 21618 MB/s
[    5.044078] raid6: avx2x1   xor() 16104 MB/s
[    5.092360] raid6: avx2x2   gen() 25474 MB/s
[    5.140182] raid6: avx2x2   xor() 13485 MB/s
[    5.188074] raid6: avx2x4   gen() 28958 MB/s
[    5.236309] raid6: avx2x4   xor() 17279 MB/s
[    5.237236] raid6: using algorithm avx2x4 gen() 28958 MB/s
[    5.238358] raid6: .... xor() 17279 MB/s, rmw enabled
[    5.239422] raid6: using avx2x2 recovery algorithm
[    5.241742] xor: automatically using best checksumming function   avx       
[    5.244547] async_tx: api initialized (async)
done.
Begin: Running /scripts/init-premount ... done.
Begin: Mounting root file system ... Begin: Running /scripts/local-top ... done.
Begin: Running /scripts/local-premount ... [    5.295766] Btrfs loaded, crc32c=crc32c-intel
Scanning for Btrfs filesystems
done.
Warning: fsck not present, so skipping root file system
[    5.514414] EXT4-fs (sda1): INFO: recovery required on readonly filesystem
[    5.515881] EXT4-fs (sda1): write access will be enabled during recovery
[    6.632005] EXT4-fs (sda1): recovery complete
[    6.633378] EXT4-fs (sda1): mounted filesystem with ordered data mode. Opts: (null)
done.
Begin: Running /scripts/local-bottom ... done.
Begin: Running /scripts/init-bottom ... done.
[    7.333054] ip_tables: (C) 2000-2006 Netfilter Core Team
[    7.714687] random: crng init done
[    7.715446] random: 7 urandom warning(s) missed due to ratelimiting
[    7.720130] systemd[1]: systemd 237 running in system mode. (+PAM +AUDIT +SELINUX +IMA +APPARMOR +SMACK +SYSVINIT +UTMP +LIBCRYPTSETUP +GCRYPT +GNUTLS +ACL +XZ +LZ4 +SECCOMP +BLKID +ELFUTILS +KMOD -IDN2 +IDN -PCRE2 default-hierarchy=hybrid)
[    7.724483] systemd[1]: Detected virtualization oracle.
[    7.725609] systemd[1]: Detected architecture x86-64.

Welcome to [1mUbuntu 18.04.3 LTS[0m!

[    7.764378] systemd[1]: Set hostname to <ubuntu-bionic>.
[    8.737072] systemd[1]: Created slice System Slice.
[[0;32m  OK  [0m] Created slice System Slice.
[    8.739024] systemd[1]: Listening on Syslog Socket.
[[0;32m  OK  [0m] Listening on Syslog Socket.
[    8.740814] systemd[1]: Listening on Device-mapper event daemon FIFOs.
[[0;32m  OK  [0m] Listening on Device-mapper event daemon FIFOs.
[    8.743097] systemd[1]: Listening on udev Kernel Socket.
[[0;32m  OK  [0m] Listening on udev Kernel Socket.
[    8.744692] systemd[1]: Listening on /dev/initctl Compatibility Named Pipe.
[[0;32m  OK  [0m] Listening on /dev/initctl Compatibility Named Pipe.
[    8.747108] systemd[1]: Reached target System Time Synchronized.
[[0;32m  OK  [0m] Reached target System Time Synchronized.
[[0;32m  OK  [0m] Reached target User and Group Name Lookups.
[[0;32m  OK  [0m] Created slice User and Session Slice.
[[0;32m  OK  [0m] Listening on LVM2 metadata daemon socket.
[[0;32m  OK  [0m] Listening on Journal Socket (/dev/log).
[[0;32m  OK  [0m] Set up automount Arbitrary Executabâ€¦rmats File System Automount Point.
[[0;32m  OK  [0m] Reached target Slices.
[[0;32m  OK  [0m] Reached target Swap.
[[0;32m  OK  [0m] Listening on udev Control Socket.
[[0;32m  OK  [0m] Created slice system-serial\x2dgetty.slice.
[[0;32m  OK  [0m] Listening on Journal Socket.
         Mounting Huge Pages File System...
         Mounting Kernel Debug File System...
         Starting Create list of required stâ€¦ce nodes for the current kernel...
         Starting Uncomplicated firewall...
         Mounting POSIX Message Queue File System...
         Starting Remount Root and Kernel File Systems...
[    8.899544] EXT4-fs (sda1): re-mounted. Opts: (null)
         Starting Monitoring of LVM2 mirrorsâ€¦ng dmeventd or progress polling...
         Starting Set the console keyboard layout...
[[0;32m  OK  [0m] Started Forward Password Requests to Wall Directory Watch.
         Starting Load Kernel Modules...
         Starting udev Coldplug all Devices...
[[0;32m  OK  [0m] Listening on Network Service Netlink Socket.
[[0;32m  OK  [0m] Listening on LVM2 poll daemon socket.
[[0;32m  OK  [0m] Listening on Journal Audit Socket.
         Starting Journal Service...
[[0;32m  OK  [0m] Mounted Huge Pages File System.
[[0;32m  OK  [0m] Mounted Kernel Debug File System.
[[0;32m  OK  [0m] Started Create list of required staâ€¦vice nodes for the current kernel.
[[0;32m  OK  [0m] Started Uncomplicated firewall.
[[0;32m  OK  [0m] Mounted POSIX Message Queue File System.
[[0;32m  OK  [0m] Started Remount Root and Kernel File Systems.
[    9.058129] Loading iSCSI transport class v2.0-870.
         Starting Load/Save Random Seed...
         Starting Create Static Device Nodes in /dev...
[[0;32m  OK  [0m] Started Journal Service.
[    9.132402] iscsi: registered transport (tcp)
[[0;32m  OK  [0m] Started udev Coldplug all Devices.
[[0;32m  OK  [0m] Started LVM2 metadata daemon.
         Starting Flush Journal to Persistent Storage...
[[0;32m  OK  [0m] Started Load/Save Random Seed.
[[0;32m  OK  [0m] Started Create Static Device Nodes in /dev.
         Starting udev Kernel Device Manager...
[    9.234584] systemd-journald[394]: Received request to flush runtime journal from PID 1
[    9.300891] iscsi: registered transport (iser)
[[0;32m  OK  [0m] Started Load Kernel Modules.
         Starting Apply Kernel Variables...
         Mounting FUSE Control File System...
         Mounting Kernel Configuration File System...
[[0;32m  OK  [0m] Mounted FUSE Control File System.
[[0;32m  OK  [0m] Started Monitoring of LVM2 mirrors,â€¦sing dmeventd or progress polling.
[[0;32m  OK  [0m] Mounted Kernel Configuration File System.
[[0;32m  OK  [0m] Started Set the console keyboard layout.
[[0;32m  OK  [0m] Reached target Local File Systems (Pre).
[[0;32m  OK  [0m] Reached target Local File Systems.
         Starting Tell Plymouth To Write Out Runtime Data...
         Starting AppArmor initialization...
         Starting Set console font and keymap...
         Starting ebtables ruleset management...
[[0;32m  OK  [0m] Started Tell Plymouth To Write Out Runtime Data.
[[0;32m  OK  [0m] Started Set console font and keymap.
[[0;32m  OK  [0m] Started udev Kernel Device Manager.
[[0;32m  OK  [0m] Started Dispatch Password Requests to Console Directory Watch.
[[0;32m  OK  [0m] Reached target Local Encrypted Volumes.
[[0;32m  OK  [0m] Started Apply Kernel Variables.
[[0;32m  OK  [0m] Started ebtables ruleset management.
[[0;32m  OK  [0m] Started Flush Journal to Persistent Storage.
         Starting Create Volatile Files and Directories...
[[0;32m  OK  [0m] Started Create Volatile Files and Directories.
         Starting Update UTMP about System Boot/Shutdown...
[[0;32m  OK  [0m] Started Update UTMP about System Boot/Shutdown.
[[0;32m  OK  [0m] Found device /dev/ttyS0.
[[0;32m  OK  [0m] Started AppArmor initialization.
         Starting Initial cloud-init job (pre-networking)...
[[0;32m  OK  [0m] Listening on Load/Save RF Kill Switch Status /dev/rfkill Watch.
[   14.271671] cloud-init[508]: Cloud-init v. 19.3-41-gc4735dd3-0ubuntu1~18.04.1 running 'init-local' at Fri, 17 Jan 2020 06:33:29 +0000. Up 13.86 seconds.
[[0;32m  OK  [0m] Started Initial cloud-init job (pre-networking).
[[0;32m  OK  [0m] Reached target Network (Pre).
         Starting Network Service...
[[0;32m  OK  [0m] Started Network Service.
         Starting Network Name Resolution...
         Starting Wait for Network to be Configured...
[[0;32m  OK  [0m] Started Network Name Resolution.
[[0;32m  OK  [0m] Reached target Network.
[[0;32m  OK  [0m] Reached target Host and Network Name Lookups.
[[0;32m  OK  [0m] Started Wait for Network to be Configured.
         Starting Initial cloud-init job (metadata service crawler)...
[   17.257182] cloud-init[660]: Cloud-init v. 19.3-41-gc4735dd3-0ubuntu1~18.04.1 running 'init' at Fri, 17 Jan 2020 06:33:32 +0000. Up 17.01 seconds.
[   17.259249] cloud-init[660]: ci-info: ++++++++++++++++++++++++++++++++++++++Net device info++++++++++++++++++++++++++++++++++++++
[   17.260510] cloud-init[660]: ci-info: +--------+------+----------------------------+---------------+--------+-------------------+
[   17.261712] cloud-init[660]: ci-info: | Device |  Up  |          Address           |      Mask     | Scope  |     Hw-Address    |
[   17.272593] cloud-init[660]: ci-info: +--------+------+----------------------------+---------------+--------+-------------------+
[   17.284356] cloud-init[660]: ci-info: | enp0s3 | True |         10.0.2.15          | 255.255.255.0 | global | 02:b7:1f:33:e9:24 |
[   17.285816] cloud-init[660]: ci-info: | enp0s3 | True | fe80::b7:1fff:fe33:e924/64 |       .       |  link  | 02:b7:1f:33:e9:24 |
[   17.287429] cloud-init[660]: ci-info: |   lo   | True |         127.0.0.1          |   255.0.0.0   |  host  |         .         |
[   17.289493] cloud-init[660]: ci-info: |   lo   | True |          ::1/128           |       .       |  host  |         .         |
[   17.292338] cloud-init[660]: ci-info: +--------+------+----------------------------+---------------+--------+-------------------+
[   17.304495] cloud-init[660]: ci-info: ++++++++++++++++++++++++++++Route IPv4 info+++++++++++++++++++++++++++++
[   17.316466] cloud-init[660]: ci-info: +-------+-------------+----------+-----------------+-----------+-------+
[   17.317581] cloud-init[660]: ci-info: | Route | Destination | Gateway  |     Genmask     | Interface | Flags |
[   17.318797] cloud-init[660]: ci-info: +-------+-------------+----------+-----------------+-----------+-------+
[   17.319835] cloud-init[660]: ci-info: |   0   |   0.0.0.0   | 10.0.2.2 |     0.0.0.0     |   enp0s3  |   UG  |
[   17.320883] cloud-init[660]: ci-info: |   1   |   10.0.2.0  | 0.0.0.0  |  255.255.255.0  |   enp0s3  |   U   |
[   17.321914] cloud-init[660]: ci-info: |   2   |   10.0.2.2  | 0.0.0.0  | 255.255.255.255 |   enp0s3  |   UH  |
[   17.322892] cloud-init[660]: ci-info: +-------+-------------+----------+-----------------+-----------+-------+
[   17.332621] cloud-init[660]: ci-info: +++++++++++++++++++Route IPv6 info+++++++++++++++++++
[   17.344907] cloud-init[660]: ci-info: +-------+-------------+---------+-----------+-------+
[   17.345888] cloud-init[660]: ci-info: | Route | Destination | Gateway | Interface | Flags |
[   17.346842] cloud-init[660]: ci-info: +-------+-------------+---------+-----------+-------+
[   17.347711] cloud-init[660]: ci-info: |   1   |  fe80::/64  |    ::   |   enp0s3  |   U   |
[   17.348608] cloud-init[660]: ci-info: |   3   |    local    |    ::   |   enp0s3  |   U   |
[   17.360479] cloud-init[660]: ci-info: |   4   |   ff00::/8  |    ::   |   enp0s3  |   U   |
[   17.361249] cloud-init[660]: ci-info: +-------+-------------+---------+-----------+-------+
[[0;32m  OK  [0m] Started Initial cloud-init job (metadata service crawler).
[[0;32m  OK  [0m] Reached target Network is Online.
[[0;32m  OK  [0m] Reached target Remote File Systems (Pre).
[[0;32m  OK  [0m] Reached target Remote File Systems.
         Starting Availability of block devices...
[[0;32m  OK  [0m] Reached target System Initialization.
[[0;32m  OK  [0m] Listening on Open-iSCSI iscsid Socket.
[[0;32m  OK  [0m] Listening on UUID daemon activation socket.
[[0;32m  OK  [0m] Listening on ACPID Listen Socket.
[[0;32m  OK  [0m] Started Message of the Day.
[[0;32m  OK  [0m] Started Daily apt upgrade and clean activities.
         Starting Socket activation for snappy daemon.
[[0;32m  OK  [0m] Started Daily Cleanup of Temporary Directories.
[[0;32m  OK  [0m] Started ACPI Events Check.
[[0;32m  OK  [0m] Reached target Paths.
[[0;32m  OK  [0m] Listening on D-Bus System Message Bus Socket.
[[0;32m  OK  [0m] Started Discard unused blocks once a week.
[[0;32m  OK  [0m] Reached target Timers.
         Starting LXD - unix socket.
[[0;32m  OK  [0m] Reached target Cloud-config availability.
[[0;32m  OK  [0m] Started Availability of block devices.
[[0;32m  OK  [0m] Listening on Socket activation for snappy daemon.
[[0;32m  OK  [0m] Listening on LXD - unix socket.
[[0;32m  OK  [0m] Reached target Sockets.
[[0;32m  OK  [0m] Reached target Basic System.
         Starting Dispatcher daemon for systemd-networkd...
         Starting Message of the Day...
[[0;32m  OK  [0m] Started D-Bus System Message Bus.
         Starting System Logging Service...
         Starting Virtualbox guest utils...
         Starting Permit User Sessions...
         Starting OpenBSD Secure Shell server...
         Starting Login Service...
         Starting LSB: Record successful boot for GRUB...
         Starting LSB: automatic crash report generation...
[[0;32m  OK  [0m] Started irqbalance daemon.
         Starting Accounts Service...
[[0;32m  OK  [0m] Started FUSE filesystem for LXC.
[[0;32m  OK  [0m] Started Regular background program processing daemon.
         Starting Snappy daemon...
         Starting LXD - container startup/shutdown...
[[0;32m  OK  [0m] Started Deferred execution scheduler.
[[0;32m  OK  [0m] Started System Logging Service.
[[0;32m  OK  [0m] Started Dispatcher daemon for systemd-networkd.
[[0;32m  OK  [0m] Started Permit User Sessions.
[[0;32m  OK  [0m] Started Login Service.
[[0;32m  OK  [0m] Started Unattended Upgrades Shutdown.
         Starting Hold until boot process finishes up...
         Starting Terminate Plymouth Boot Screen...
[[0;32m  OK  [0m] Started Hold until boot process finishes up.
[[0;32m  OK  [0m] Started Serial Getty on ttyS0.
         Starting Set console scheme...
[[0;32m  OK  [0m] Started Terminate Plymouth Boot Screen.
[[0;32m  OK  [0m] Started LSB: automatic crash report generation.
[[0;32m  OK  [0m] Started Set console scheme.
[[0;32m  OK  [0m] Created slice system-getty.slice.
[[0;32m  OK  [0m] Started Getty on tty1.
[[0;32m  OK  [0m] Reached target Login Prompts.
         Starting Authorization Manager...
[[0;32m  OK  [0m] Started OpenBSD Secure Shell server.
[[0;32m  OK  [0m] Started Authorization Manager.
[[0;32m  OK  [0m] Started Accounts Service.
[[0;32m  OK  [0m] Started LSB: Record successful boot for GRUB.
[[0;32m  OK  [0m] Started Virtualbox guest utils.
[[0;32m  OK  [0m] Created slice User Slice of vagrant.
         Starting User Manager for UID 1000...
[[0;32m  OK  [0m] Started Session 1 of user vagrant.
[[0;32m  OK  [0m] Started LXD - container startup/shutdown.
[[0;32m  OK  [0m] Started User Manager for UID 1000.
[[0;32m  OK  [0m] Started Snappy daemon.
         Starting Wait until snapd is fully seeded...
[[0;32m  OK  [0m] Started Wait until snapd is fully seeded.
         Starting Apply the settings specified in cloud-config...
[[0;32m  OK  [0m] Reached target Multi-User System.
[[0;32m  OK  [0m] Reached target Graphical Interface.
         Starting Update UTMP about System Runlevel Changes...
[[0;32m  OK  [0m] Started Update UTMP about System Runlevel Changes.
[   22.551564] cloud-init[1224]: Cloud-init v. 19.3-41-gc4735dd3-0ubuntu1~18.04.1 running 'modules:config' at Fri, 17 Jan 2020 06:33:37 +0000. Up 22.30 seconds.
[[0;32m  OK  [0m] Started Apply the settings specified in cloud-config.
         Starting Execute cloud user/final scripts...
[   23.423892] cloud-init[1281]: Cloud-init v. 19.3-41-gc4735dd3-0ubuntu1~18.04.1 running 'modules:final' at Fri, 17 Jan 2020 06:33:38 +0000. Up 23.20 seconds.
[   23.436576] cloud-init[1281]: Cloud-init v. 19.3-41-gc4735dd3-0ubuntu1~18.04.1 finished at Fri, 17 Jan 2020 06:33:39 +0000. Datasource DataSourceNoCloud [seed=/dev/sdb][dsmode=net].  Up 23.41 seconds
[[0;32m  OK  [0m] Started Execute cloud user/final scripts.
[[0;32m  OK  [0m] Reached target Cloud-init target.

Ubuntu 18.04.3 LTS ubuntu-bionic ttyS0

ubuntu-bionic login: 